exports[`test renders a pokemonList 1`] = `
<ScrollView
  dataSource={
    ListViewDataSource {
      "items": 50,
    }
  }
  initialListSize={10}
  onContentSizeChange={[Function]}
  onEndReachedThreshold={1000}
  onKeyboardDidHide={undefined}
  onKeyboardDidShow={undefined}
  onKeyboardWillHide={undefined}
  onKeyboardWillShow={undefined}
  onLayout={[Function]}
  onScroll={[Function]}
  pageSize={1}
  removeClippedSubviews={true}
  renderRow={[Function]}
  scrollEventThrottle={50}
  scrollRenderAheadDistance={1000}
  stickyHeaderIndices={Array []}>
  <View
    accessibilityComponentType={undefined}
    accessibilityLabel={undefined}
    accessibilityTraits={undefined}
    accessible={true}
    hitSlop={undefined}
    onLayout={undefined}
    onResponderGrant={[Function]}
    onResponderMove={[Function]}
    onResponderRelease={[Function]}
    onResponderTerminate={[Function]}
    onResponderTerminationRequest={[Function]}
    onStartShouldSetResponder={[Function]}
    style={
      Array [
        Object {
          "backgroundColor": "transparent",
        },
        undefined,
      ]
    }
    testID={undefined}>
    <View>
      <View
        style={
          Object {
            "flexDirection": "row",
            "padding": 10,
          }
        }>
        <View
          style={
            Object {
              "flex": 1,
            }
          }>
          <Text
            accessible={true}
            allowFontScaling={true}
            ellipsizeMode="tail"
            style={
              Object {
                "color": "#48BBEC",
                "fontSize": 25,
                "fontWeight": "bold",
              }
            }>
            1
          </Text>
          <Text
            accessible={true}
            allowFontScaling={true}
            ellipsizeMode="tail"
            numberOfLines={1}
            style={
              Object {
                "color": "#656565",
                "fontSize": 20,
              }
            }>
            Bulbasaur
          </Text>
          <RCTSwitch
            disabled={false}
            onChange={[Function]}
            onResponderTerminationRequest={[Function]}
            onStartShouldSetResponder={[Function]}
            onValueChange={[Function]}
            style={
              Array [
                Object {
                  "height": 31,
                  "width": 51,
                },
                undefined,
              ]
            }
            value={false} />
        </View>
      </View>
      <View
        style={
          Object {
            "backgroundColor": "#ddd",
            "height": 1,
          }
        } />
    </View>
  </View>
  <View
    accessibilityComponentType={undefined}
    accessibilityLabel={undefined}
    accessibilityTraits={undefined}
    accessible={true}
    hitSlop={undefined}
    onLayout={undefined}
    onResponderGrant={[Function]}
    onResponderMove={[Function]}
    onResponderRelease={[Function]}
    onResponderTerminate={[Function]}
    onResponderTerminationRequest={[Function]}
    onStartShouldSetResponder={[Function]}
    style={
      Array [
        Object {
          "backgroundColor": "transparent",
        },
        undefined,
      ]
    }
    testID={undefined}>
    <View>
      <View
        style={
          Object {
            "flexDirection": "row",
            "padding": 10,
          }
        }>
        <View
          style={
            Object {
              "flex": 1,
            }
          }>
          <Text
            accessible={true}
            allowFontScaling={true}
            ellipsizeMode="tail"
            style={
              Object {
                "color": "#48BBEC",
                "fontSize": 25,
                "fontWeight": "bold",
              }
            }>
            2
          </Text>
          <Text
            accessible={true}
            allowFontScaling={true}
            ellipsizeMode="tail"
            numberOfLines={1}
            style={
              Object {
                "color": "#656565",
                "fontSize": 20,
              }
            }>
            Ivysaur
          </Text>
          <RCTSwitch
            disabled={false}
            onChange={[Function]}
            onResponderTerminationRequest={[Function]}
            onStartShouldSetResponder={[Function]}
            onValueChange={[Function]}
            style={
              Array [
                Object {
                  "height": 31,
                  "width": 51,
                },
                undefined,
              ]
            }
            value={false} />
        </View>
      </View>
      <View
        style={
          Object {
            "backgroundColor": "#ddd",
            "height": 1,
          }
        } />
    </View>
  </View>
  <View
    accessibilityComponentType={undefined}
    accessibilityLabel={undefined}
    accessibilityTraits={undefined}
    accessible={true}
    hitSlop={undefined}
    onLayout={undefined}
    onResponderGrant={[Function]}
    onResponderMove={[Function]}
    onResponderRelease={[Function]}
    onResponderTerminate={[Function]}
    onResponderTerminationRequest={[Function]}
    onStartShouldSetResponder={[Function]}
    style={
      Array [
        Object {
          "backgroundColor": "transparent",
        },
        undefined,
      ]
    }
    testID={undefined}>
    <View>
      <View
        style={
          Object {
            "flexDirection": "row",
            "padding": 10,
          }
        }>
        <View
          style={
            Object {
              "flex": 1,
            }
          }>
          <Text
            accessible={true}
            allowFontScaling={true}
            ellipsizeMode="tail"
            style={
              Object {
                "color": "#48BBEC",
                "fontSize": 25,
                "fontWeight": "bold",
              }
            }>
            3
          </Text>
          <Text
            accessible={true}
            allowFontScaling={true}
            ellipsizeMode="tail"
            numberOfLines={1}
            style={
              Object {
                "color": "#656565",
                "fontSize": 20,
              }
            }>
            Venusaur
          </Text>
          <RCTSwitch
            disabled={false}
            onChange={[Function]}
            onResponderTerminationRequest={[Function]}
            onStartShouldSetResponder={[Function]}
            onValueChange={[Function]}
            style={
              Array [
                Object {
                  "height": 31,
                  "width": 51,
                },
                undefined,
              ]
            }
            value={false} />
        </View>
      </View>
      <View
        style={
          Object {
            "backgroundColor": "#ddd",
            "height": 1,
          }
        } />
    </View>
  </View>
  <View
    accessibilityComponentType={undefined}
    accessibilityLabel={undefined}
    accessibilityTraits={undefined}
    accessible={true}
    hitSlop={undefined}
    onLayout={undefined}
    onResponderGrant={[Function]}
    onResponderMove={[Function]}
    onResponderRelease={[Function]}
    onResponderTerminate={[Function]}
    onResponderTerminationRequest={[Function]}
    onStartShouldSetResponder={[Function]}
    style={
      Array [
        Object {
          "backgroundColor": "transparent",
        },
        undefined,
      ]
    }
    testID={undefined}>
    <View>
      <View
        style={
          Object {
            "flexDirection": "row",
            "padding": 10,
          }
        }>
        <View
          style={
            Object {
              "flex": 1,
            }
          }>
          <Text
            accessible={true}
            allowFontScaling={true}
            ellipsizeMode="tail"
            style={
              Object {
                "color": "#48BBEC",
                "fontSize": 25,
                "fontWeight": "bold",
              }
            }>
            4
          </Text>
          <Text
            accessible={true}
            allowFontScaling={true}
            ellipsizeMode="tail"
            numberOfLines={1}
            style={
              Object {
                "color": "#656565",
                "fontSize": 20,
              }
            }>
            Charmander
          </Text>
          <RCTSwitch
            disabled={false}
            onChange={[Function]}
            onResponderTerminationRequest={[Function]}
            onStartShouldSetResponder={[Function]}
            onValueChange={[Function]}
            style={
              Array [
                Object {
                  "height": 31,
                  "width": 51,
                },
                undefined,
              ]
            }
            value={false} />
        </View>
      </View>
      <View
        style={
          Object {
            "backgroundColor": "#ddd",
            "height": 1,
          }
        } />
    </View>
  </View>
  <View
    accessibilityComponentType={undefined}
    accessibilityLabel={undefined}
    accessibilityTraits={undefined}
    accessible={true}
    hitSlop={undefined}
    onLayout={undefined}
    onResponderGrant={[Function]}
    onResponderMove={[Function]}
    onResponderRelease={[Function]}
    onResponderTerminate={[Function]}
    onResponderTerminationRequest={[Function]}
    onStartShouldSetResponder={[Function]}
    style={
      Array [
        Object {
          "backgroundColor": "transparent",
        },
        undefined,
      ]
    }
    testID={undefined}>
    <View>
      <View
        style={
          Object {
            "flexDirection": "row",
            "padding": 10,
          }
        }>
        <View
          style={
            Object {
              "flex": 1,
            }
          }>
          <Text
            accessible={true}
            allowFontScaling={true}
            ellipsizeMode="tail"
            style={
              Object {
                "color": "#48BBEC",
                "fontSize": 25,
                "fontWeight": "bold",
              }
            }>
            5
          </Text>
          <Text
            accessible={true}
            allowFontScaling={true}
            ellipsizeMode="tail"
            numberOfLines={1}
            style={
              Object {
                "color": "#656565",
                "fontSize": 20,
              }
            }>
            Charmeleon
          </Text>
          <RCTSwitch
            disabled={false}
            onChange={[Function]}
            onResponderTerminationRequest={[Function]}
            onStartShouldSetResponder={[Function]}
            onValueChange={[Function]}
            style={
              Array [
                Object {
                  "height": 31,
                  "width": 51,
                },
                undefined,
              ]
            }
            value={false} />
        </View>
      </View>
      <View
        style={
          Object {
            "backgroundColor": "#ddd",
            "height": 1,
          }
        } />
    </View>
  </View>
  <View
    accessibilityComponentType={undefined}
    accessibilityLabel={undefined}
    accessibilityTraits={undefined}
    accessible={true}
    hitSlop={undefined}
    onLayout={undefined}
    onResponderGrant={[Function]}
    onResponderMove={[Function]}
    onResponderRelease={[Function]}
    onResponderTerminate={[Function]}
    onResponderTerminationRequest={[Function]}
    onStartShouldSetResponder={[Function]}
    style={
      Array [
        Object {
          "backgroundColor": "transparent",
        },
        undefined,
      ]
    }
    testID={undefined}>
    <View>
      <View
        style={
          Object {
            "flexDirection": "row",
            "padding": 10,
          }
        }>
        <View
          style={
            Object {
              "flex": 1,
            }
          }>
          <Text
            accessible={true}
            allowFontScaling={true}
            ellipsizeMode="tail"
            style={
              Object {
                "color": "#48BBEC",
                "fontSize": 25,
                "fontWeight": "bold",
              }
            }>
            6
          </Text>
          <Text
            accessible={true}
            allowFontScaling={true}
            ellipsizeMode="tail"
            numberOfLines={1}
            style={
              Object {
                "color": "#656565",
                "fontSize": 20,
              }
            }>
            Charizard
          </Text>
          <RCTSwitch
            disabled={false}
            onChange={[Function]}
            onResponderTerminationRequest={[Function]}
            onStartShouldSetResponder={[Function]}
            onValueChange={[Function]}
            style={
              Array [
                Object {
                  "height": 31,
                  "width": 51,
                },
                undefined,
              ]
            }
            value={false} />
        </View>
      </View>
      <View
        style={
          Object {
            "backgroundColor": "#ddd",
            "height": 1,
          }
        } />
    </View>
  </View>
  <View
    accessibilityComponentType={undefined}
    accessibilityLabel={undefined}
    accessibilityTraits={undefined}
    accessible={true}
    hitSlop={undefined}
    onLayout={undefined}
    onResponderGrant={[Function]}
    onResponderMove={[Function]}
    onResponderRelease={[Function]}
    onResponderTerminate={[Function]}
    onResponderTerminationRequest={[Function]}
    onStartShouldSetResponder={[Function]}
    style={
      Array [
        Object {
          "backgroundColor": "transparent",
        },
        undefined,
      ]
    }
    testID={undefined}>
    <View>
      <View
        style={
          Object {
            "flexDirection": "row",
            "padding": 10,
          }
        }>
        <View
          style={
            Object {
              "flex": 1,
            }
          }>
          <Text
            accessible={true}
            allowFontScaling={true}
            ellipsizeMode="tail"
            style={
              Object {
                "color": "#48BBEC",
                "fontSize": 25,
                "fontWeight": "bold",
              }
            }>
            7
          </Text>
          <Text
            accessible={true}
            allowFontScaling={true}
            ellipsizeMode="tail"
            numberOfLines={1}
            style={
              Object {
                "color": "#656565",
                "fontSize": 20,
              }
            }>
            Squirtle
          </Text>
          <RCTSwitch
            disabled={false}
            onChange={[Function]}
            onResponderTerminationRequest={[Function]}
            onStartShouldSetResponder={[Function]}
            onValueChange={[Function]}
            style={
              Array [
                Object {
                  "height": 31,
                  "width": 51,
                },
                undefined,
              ]
            }
            value={false} />
        </View>
      </View>
      <View
        style={
          Object {
            "backgroundColor": "#ddd",
            "height": 1,
          }
        } />
    </View>
  </View>
  <View
    accessibilityComponentType={undefined}
    accessibilityLabel={undefined}
    accessibilityTraits={undefined}
    accessible={true}
    hitSlop={undefined}
    onLayout={undefined}
    onResponderGrant={[Function]}
    onResponderMove={[Function]}
    onResponderRelease={[Function]}
    onResponderTerminate={[Function]}
    onResponderTerminationRequest={[Function]}
    onStartShouldSetResponder={[Function]}
    style={
      Array [
        Object {
          "backgroundColor": "transparent",
        },
        undefined,
      ]
    }
    testID={undefined}>
    <View>
      <View
        style={
          Object {
            "flexDirection": "row",
            "padding": 10,
          }
        }>
        <View
          style={
            Object {
              "flex": 1,
            }
          }>
          <Text
            accessible={true}
            allowFontScaling={true}
            ellipsizeMode="tail"
            style={
              Object {
                "color": "#48BBEC",
                "fontSize": 25,
                "fontWeight": "bold",
              }
            }>
            8
          </Text>
          <Text
            accessible={true}
            allowFontScaling={true}
            ellipsizeMode="tail"
            numberOfLines={1}
            style={
              Object {
                "color": "#656565",
                "fontSize": 20,
              }
            }>
            Wartortle
          </Text>
          <RCTSwitch
            disabled={false}
            onChange={[Function]}
            onResponderTerminationRequest={[Function]}
            onStartShouldSetResponder={[Function]}
            onValueChange={[Function]}
            style={
              Array [
                Object {
                  "height": 31,
                  "width": 51,
                },
                undefined,
              ]
            }
            value={false} />
        </View>
      </View>
      <View
        style={
          Object {
            "backgroundColor": "#ddd",
            "height": 1,
          }
        } />
    </View>
  </View>
  <View
    accessibilityComponentType={undefined}
    accessibilityLabel={undefined}
    accessibilityTraits={undefined}
    accessible={true}
    hitSlop={undefined}
    onLayout={undefined}
    onResponderGrant={[Function]}
    onResponderMove={[Function]}
    onResponderRelease={[Function]}
    onResponderTerminate={[Function]}
    onResponderTerminationRequest={[Function]}
    onStartShouldSetResponder={[Function]}
    style={
      Array [
        Object {
          "backgroundColor": "transparent",
        },
        undefined,
      ]
    }
    testID={undefined}>
    <View>
      <View
        style={
          Object {
            "flexDirection": "row",
            "padding": 10,
          }
        }>
        <View
          style={
            Object {
              "flex": 1,
            }
          }>
          <Text
            accessible={true}
            allowFontScaling={true}
            ellipsizeMode="tail"
            style={
              Object {
                "color": "#48BBEC",
                "fontSize": 25,
                "fontWeight": "bold",
              }
            }>
            9
          </Text>
          <Text
            accessible={true}
            allowFontScaling={true}
            ellipsizeMode="tail"
            numberOfLines={1}
            style={
              Object {
                "color": "#656565",
                "fontSize": 20,
              }
            }>
            Blastoise
          </Text>
          <RCTSwitch
            disabled={false}
            onChange={[Function]}
            onResponderTerminationRequest={[Function]}
            onStartShouldSetResponder={[Function]}
            onValueChange={[Function]}
            style={
              Array [
                Object {
                  "height": 31,
                  "width": 51,
                },
                undefined,
              ]
            }
            value={false} />
        </View>
      </View>
      <View
        style={
          Object {
            "backgroundColor": "#ddd",
            "height": 1,
          }
        } />
    </View>
  </View>
  <View
    accessibilityComponentType={undefined}
    accessibilityLabel={undefined}
    accessibilityTraits={undefined}
    accessible={true}
    hitSlop={undefined}
    onLayout={undefined}
    onResponderGrant={[Function]}
    onResponderMove={[Function]}
    onResponderRelease={[Function]}
    onResponderTerminate={[Function]}
    onResponderTerminationRequest={[Function]}
    onStartShouldSetResponder={[Function]}
    style={
      Array [
        Object {
          "backgroundColor": "transparent",
        },
        undefined,
      ]
    }
    testID={undefined}>
    <View>
      <View
        style={
          Object {
            "flexDirection": "row",
            "padding": 10,
          }
        }>
        <View
          style={
            Object {
              "flex": 1,
            }
          }>
          <Text
            accessible={true}
            allowFontScaling={true}
            ellipsizeMode="tail"
            style={
              Object {
                "color": "#48BBEC",
                "fontSize": 25,
                "fontWeight": "bold",
              }
            }>
            10
          </Text>
          <Text
            accessible={true}
            allowFontScaling={true}
            ellipsizeMode="tail"
            numberOfLines={1}
            style={
              Object {
                "color": "#656565",
                "fontSize": 20,
              }
            }>
            Caterpie
          </Text>
          <RCTSwitch
            disabled={false}
            onChange={[Function]}
            onResponderTerminationRequest={[Function]}
            onStartShouldSetResponder={[Function]}
            onValueChange={[Function]}
            style={
              Array [
                Object {
                  "height": 31,
                  "width": 51,
                },
                undefined,
              ]
            }
            value={false} />
        </View>
      </View>
      <View
        style={
          Object {
            "backgroundColor": "#ddd",
            "height": 1,
          }
        } />
    </View>
  </View>
</ScrollView>
`;
